<html>
<body>
<pre>
<h1>µVision Build Log</h1>
<h2>Project:</h2>
C:\Users\Hector\Desktop\mierder\prueba.uvproj
Project File Date:  02/07/2017

<h2>Output:</h2>
Rebuild target 'Target 1'
assembling startup_LPC17xx.s...
compiling system_LPC17xx.c...
compiling main.c...
main.c(9): warning:  #550-D: variable "fin" was set but never used
        int fin;
main.c: 1 warning, 0 errors
linking...
Program Size: Code=3232 RO-data=236 RW-data=4 ZI-data=262748  
".\prueba.axf" - 0 Error(s), 1 Warning(s).
compiling main.c...
main.c(9): warning:  #550-D: variable "fin" was set but never used
        int fin;
main.c: 1 warning, 0 errors
"main.c" - 0 Error(s), 1 Warning(s).
     int fin;
main.c: 1 warning, 0 errors
"main.c" - 0 Error(s), 1 Warning(s).
nds without a newline
        }
main.c(9): warning:  #550-D: variable "fin" was set but never used
        int fin;
main.c: 2 warnings, 0 errors
"main.c" - 0 Error(s), 2 Warning(s).
:  #177-D: variable "fin" was declared but never referenced
        int fin;
main.c: 3 warnings, 0 errors
"main.c" - 0 Error(s), 3 Warning(s).
