<html>
<body>
<pre>
<h1>µVision Build Log</h1>
<h2>Project:</h2>
C:\Users\Hector\Desktop\mierder\prueba.uvproj
Project File Date:  02/07/2017

<h2>Output:</h2>
Rebuild target 'Target 1'
assembling startup_LPC17xx.s...
compiling system_LPC17xx.c...
compiling main.c...
linking...
Program Size: Code=3260 RO-data=236 RW-data=28 ZI-data=262748  
".\prueba.axf" - 0 Error(s), 0 Warning(s).
</pre>
</body>
</html>
m Size: Code=1520 RO-data=280 RW-data=28 ZI-data=262748  
".\prueba.axf" - 0 Error(s), 1 Warning(s).
 Warning(s).
g main.c...
main.c(21): warning:  #940-D: missing return statement at end of non-void function "esprimos"
        }
main.c: 1 warning, 0 errors
"main.c" - 0 Error(s), 1 Warning(s).
